T_NAME 35:1 let
T_NAME 35:5 build_steps
T_EQUALS 35:17 <none>
T_LBRACKET 35:19 <none>
T_STR_OPEN 35:21 <none>
T_NAME 35:22 git
T_NAME 35:26 clone
T_STR_OPEN 35:31 <none>
T_COMMA 35:32 <none>
T_STR_OPEN 35:34 <none>
T_NAME 35:35 go
T_NAME 35:38 build
T_STR_OPEN 35:43 <none>
T_RBRACKET 35:45 <none>
T_NAME 36:1 in
T_NAME 36:5 let
T_NAME 36:9 test_steps
T_EQUALS 36:20 <none>
T_LBRACKET 36:22 <none>
T_STR_OPEN 36:24 <none>
T_NAME 36:25 npm
T_NAME 36:29 ci
T_STR_OPEN 36:31 <none>
T_COMMA 36:32 <none>
T_STR_OPEN 36:34 <none>
T_NAME 36:35 npm
T_NAME 36:39 test
T_STR_OPEN 36:43 <none>
T_RBRACKET 36:45 <none>
T_NAME 37:1 in
T_NAME 37:5 let
T_NAME 37:9 trigger
T_EQUALS 37:17 <none>
T_LANGLE 37:19 <none>
T_NAME 37:21 push
T_COLON 37:26 <none>
T_NAME 37:28 Text
T_BAR 37:33 <none>
T_NAME 37:35 tag
T_COLON 37:39 <none>
T_NAME 37:41 Text
T_BAR 37:46 <none>
T_NAME 37:48 always
T_COLON 37:55 <none>
T_NAME 37:57 Bool
T_RANGLE 37:62 <none>
T_NAME 38:1 in
T_NAME 38:5 let
T_NAME 38:9 when
T_EQUALS 38:14 <none>
T_NAME 38:16 merge
T_LBRACE 38:22 <none>
T_NAME 38:24 push
T_EQUALS 38:29 <none>
T_LAMBDA 38:31 <none>
T_LPAREN 38:32 <none>
T_NAME 38:33 _
T_COLON 38:35 <none>
T_NAME 38:37 Text
T_RPAREN 38:41 <none>
T_ARROW 38:43 <none>
T_STR_OPEN 38:46 <none>
T_NAME 38:47 push
T_STR_OPEN 38:51 <none>
T_COMMA 38:52 <none>
T_NAME 39:23 tag
T_EQUALS 39:28 <none>
T_LAMBDA 39:30 <none>
T_LPAREN 39:31 <none>
T_NAME 39:32 _
T_COLON 39:34 <none>
T_NAME 39:36 Text
T_RPAREN 39:40 <none>
T_ARROW 39:42 <none>
T_STR_OPEN 39:45 <none>
T_NAME 39:46 tag
T_STR_OPEN 39:49 <none>
T_COMMA 39:50 <none>
T_NAME 40:23 always
T_EQUALS 40:30 <none>
T_LAMBDA 40:32 <none>
T_LPAREN 40:33 <none>
T_NAME 40:34 _
T_COLON 40:36 <none>
T_NAME 40:38 Bool
T_RPAREN 40:42 <none>
T_ARROW 40:44 <none>
T_STR_OPEN 40:47 <none>
T_NAME 40:48 always
T_STR_OPEN 40:54 <none>
T_RBRACE 40:56 <none>
T_LPAREN 41:21 <none>
T_LANGLE 41:22 <none>
T_NAME 41:24 push
T_EQUALS 41:29 <none>
T_STR_OPEN 41:31 <none>
T_NAME 41:32 refs/heads/main
T_STR_OPEN 41:47 <none>
T_BAR 41:49 <none>
T_NAME 41:51 tag
T_COLON 41:55 <none>
T_NAME 41:57 Text
T_BAR 41:62 <none>
T_NAME 41:64 always
T_COLON 41:71 <none>
T_NAME 41:73 Bool
T_RANGLE 41:78 <none>
T_RPAREN 41:79 <none>
T_NAME 42:1 in
T_LBRACE 42:5 <none>
T_NAME 43:7 name
T_EQUALS 43:12 <none>
T_STR_OPEN 43:14 <none>
T_NAME 43:15 dhall-c
T_NAME 43:23 ci
T_STR_OPEN 43:25 <none>
T_COMMA 43:26 <none>
T_NAME 44:7 on
T_EQUALS 44:10 <none>
T_NAME 44:12 when
T_COMMA 44:16 <none>
T_NAME 45:7 jobs
T_EQUALS 45:12 <none>
T_LBRACKET 45:14 <none>
T_LBRACE 46:9 <none>
T_NAME 46:11 name
T_EQUALS 46:16 <none>
T_STR_OPEN 46:18 <none>
T_NAME 46:19 build
T_STR_OPEN 46:24 <none>
T_COMMA 46:25 <none>
T_NAME 46:27 image
T_EQUALS 46:33 <none>
T_STR_OPEN 46:35 <none>
T_NAME 46:36 golang
T_COLON 46:42 <none>
T_DBL 46:43 3ff3851eb851eb85
T_STR_OPEN 46:47 <none>
T_COMMA 46:48 <none>
T_NAME 46:50 steps
T_EQUALS 46:56 <none>
T_NAME 46:58 build_steps
T_COMMA 46:69 <none>
T_NAME 46:71 timeout
T_EQUALS 46:79 <none>
T_NAT 46:81 3600
T_RBRACE 46:86 <none>
T_COMMA 46:87 <none>
T_LBRACE 47:9 <none>
T_NAME 47:11 name
T_EQUALS 47:16 <none>
T_STR_OPEN 47:18 <none>
T_NAME 47:19 test
T_STR_OPEN 47:23 <none>
T_COMMA 47:24 <none>
T_NAME 47:27 image
T_EQUALS 47:33 <none>
T_STR_OPEN 47:35 <none>
T_NAME 47:36 node
T_COLON 47:40 <none>
T_NAT 47:41 20
T_STR_OPEN 47:43 <none>
T_COMMA 47:44 <none>
T_NAME 47:50 steps
T_EQUALS 47:56 <none>
T_NAME 47:58 test_steps
T_COMMA 47:68 <none>
T_NAME 47:71 timeout
T_EQUALS 47:79 <none>
T_NAT 47:81 1800
T_RBRACE 47:86 <none>
T_RBRACKET 48:7 <none>
T_COMMA 48:8 <none>
T_NAME 49:7 matrix
T_EQUALS 49:14 <none>
T_LBRACKET 49:16 <none>
T_LBRACE 49:18 <none>
T_NAME 49:20 os
T_EQUALS 49:23 <none>
T_STR_OPEN 49:25 <none>
T_NAME 49:26 ubuntu-22
T_DOT 49:35 <none>
T_NAT 49:36 4
T_STR_OPEN 49:38 <none>
T_RBRACE 49:40 <none>
T_COMMA 49:41 <none>
T_LBRACE 49:43 <none>
T_NAME 49:45 os
T_EQUALS 49:48 <none>
T_STR_OPEN 49:50 <none>
T_NAME 49:51 macos-14
T_STR_OPEN 49:59 <none>
T_RBRACE 49:61 <none>
T_RBRACKET 49:63 <none>
T_RBRACE 50:5 <none>
T_EOF 51:1 <none>
