T_LBRACE 36:1 <none>
T_NAME 37:3 host
T_EQUALS 37:8 <none>
T_STR_OPEN 37:10 <none>
T_NAME 37:11 example
T_DOT 37:18 <none>
T_NAME 37:19 com
T_STR_OPEN 37:22 <none>
T_COMMA 37:23 <none>
T_NAME 38:3 port
T_EQUALS 38:8 <none>
T_NAT 38:10 443
T_COMMA 38:13 <none>
T_NAME 39:3 tls
T_EQUALS 39:7 <none>
T_NAME 39:9 True
T_COMMA 39:13 <none>
T_NAME 40:3 timeout_ms
T_EQUALS 40:14 <none>
T_NAT 40:16 30000
T_COMMA 40:21 <none>
T_NAME 41:3 retries
T_EQUALS 41:11 <none>
T_NAT 41:13 3
T_COMMA 41:14 <none>
T_NAME 42:3 log_level
T_EQUALS 42:13 <none>
T_LANGLE 42:15 <none>
T_NAME 42:17 DEBUG
T_COLON 42:23 <none>
T_NAME 42:25 Text
T_BAR 42:30 <none>
T_NAME 42:32 INFO
T_EQUALS 42:37 <none>
T_STR_OPEN 42:39 <none>
T_NAME 42:40 info
T_STR_OPEN 42:44 <none>
T_BAR 42:46 <none>
T_NAME 42:48 WARN
T_COLON 42:53 <none>
T_NAME 42:55 Text
T_BAR 42:60 <none>
T_NAME 42:62 ERROR
T_COLON 42:68 <none>
T_NAME 42:70 Text
T_RANGLE 42:75 <none>
T_COMMA 42:76 <none>
T_NAME 43:3 bind
T_EQUALS 43:8 <none>
T_LBRACE 43:10 <none>
T_NAME 43:12 ip
T_EQUALS 43:15 <none>
T_STR_OPEN 43:17 <none>
T_DBL 43:18 0000000000000000
T_DOT 43:21 <none>
T_DBL 43:22 0000000000000000
T_STR_OPEN 43:25 <none>
T_COMMA 43:26 <none>
T_NAME 43:28 port
T_EQUALS 43:33 <none>
T_NAT 43:35 8080
T_RBRACE 43:40 <none>
T_COMMA 43:41 <none>
T_NAME 44:3 tags
T_EQUALS 44:8 <none>
T_LBRACKET 44:10 <none>
T_STR_OPEN 44:12 <none>
T_NAME 44:13 web
T_STR_OPEN 44:16 <none>
T_COMMA 44:17 <none>
T_STR_OPEN 44:19 <none>
T_NAME 44:20 api
T_STR_OPEN 44:23 <none>
T_RBRACKET 44:25 <none>
T_RBRACE 45:1 <none>
T_EOF 46:1 <none>
