T_NAME 32:1 let
T_NAME 32:5 origin
T_EQUALS 32:12 <none>
T_LPAREN 32:14 <none>
T_LBRACE 32:15 <none>
T_NAME 32:17 x
T_EQUALS 32:19 <none>
T_NAT 32:21 0
T_COMMA 32:22 <none>
T_NAME 32:24 y
T_EQUALS 32:26 <none>
T_NAT 32:28 0
T_RBRACE 32:30 <none>
T_COLON 32:32 <none>
T_LBRACE 32:34 <none>
T_NAME 32:36 x
T_COLON 32:38 <none>
T_NAME 32:40 Natural
T_COMMA 32:47 <none>
T_NAME 32:49 y
T_COLON 32:51 <none>
T_NAME 32:53 Natural
T_RBRACE 32:61 <none>
T_RPAREN 32:62 <none>
T_NAME 33:1 in
T_NAME 33:5 let
T_NAME 33:9 st
T_EQUALS 33:12 <none>
T_NAME 33:14 merge
T_LBRACE 33:20 <none>
T_NAME 33:22 Active
T_EQUALS 33:29 <none>
T_LAMBDA 33:31 <none>
T_LPAREN 33:32 <none>
T_NAME 33:33 _
T_COLON 33:35 <none>
T_NAME 33:37 Bool
T_RPAREN 33:41 <none>
T_ARROW 33:43 <none>
T_STR_OPEN 33:46 <none>
T_NAME 33:47 active
T_STR_OPEN 33:53 <none>
T_COMMA 33:54 <none>
T_NAME 34:22 Inactive
T_EQUALS 34:31 <none>
T_LAMBDA 34:33 <none>
T_LPAREN 34:34 <none>
T_NAME 34:35 _
T_COLON 34:37 <none>
T_NAME 34:39 Bool
T_RPAREN 34:43 <none>
T_ARROW 34:45 <none>
T_STR_OPEN 34:48 <none>
T_NAME 34:49 inactive
T_STR_OPEN 34:57 <none>
T_RBRACE 34:59 <none>
T_LPAREN 35:20 <none>
T_LANGLE 35:21 <none>
T_NAME 35:23 Active
T_EQUALS 35:30 <none>
T_NAME 35:32 True
T_BAR 35:37 <none>
T_NAME 35:39 Inactive
T_COLON 35:48 <none>
T_NAME 35:50 Bool
T_RANGLE 35:55 <none>
T_RPAREN 35:56 <none>
T_NAME 36:1 in
T_LBRACE 36:5 <none>
T_NAME 37:7 scalars
T_EQUALS 37:15 <none>
T_LBRACE 37:17 <none>
T_NAME 37:19 n
T_EQUALS 37:21 <none>
T_NAT 37:23 10
T_COMMA 37:25 <none>
T_NAME 37:27 flag
T_EQUALS 37:32 <none>
T_NAME 37:34 True
T_COMMA 37:38 <none>
T_NAME 37:40 greeting
T_EQUALS 37:49 <none>
T_STR_OPEN 37:51 <none>
T_NAME 37:52 hello
T_STR_OPEN 37:57 <none>
T_RBRACE 37:59 <none>
T_COMMA 37:60 <none>
T_NAME 38:7 optional
T_EQUALS 38:16 <none>
T_LBRACE 38:18 <none>
T_NAME 38:20 some
T_EQUALS 38:25 <none>
T_NAME 38:27 Some
T_NAT 38:32 42
T_COMMA 38:34 <none>
T_NAME 38:36 none
T_EQUALS 38:41 <none>
T_NAME 38:43 None
T_NAME 38:48 Natural
T_RBRACE 38:56 <none>
T_COMMA 38:57 <none>
T_NAME 39:7 arithmetic
T_EQUALS 39:18 <none>
T_NAT 39:20 2
T_PLUS 39:22 <none>
T_NAT 39:24 3
T_COMMA 39:25 <none>
T_NAME 40:7 comparisons
T_EQUALS 40:19 <none>
T_LBRACE 40:21 <none>
T_NAME 40:23 eq
T_EQUALS 40:26 <none>
T_NAT 40:28 1
T_EQEQ 40:30 <none>
T_NAT 40:33 1
T_COMMA 40:34 <none>
T_NAME 40:36 lt
T_EQUALS 40:39 <none>
T_NAT 40:41 2
T_LT 40:43 <none>
T_NAT 40:45 5
T_RBRACE 40:47 <none>
T_COMMA 40:48 <none>
T_NAME 41:7 mapped
T_EQUALS 41:14 <none>
T_NAME 41:16 List/map
T_NAME 41:25 Natural
T_NAME 41:33 Natural
T_LPAREN 41:41 <none>
T_LAMBDA 41:42 <none>
T_LPAREN 41:43 <none>
T_NAME 41:44 x
T_COLON 41:46 <none>
T_NAME 41:48 Natural
T_RPAREN 41:55 <none>
T_ARROW 41:57 <none>
T_NAME 41:60 x
T_STAR 41:62 <none>
T_NAT 41:64 2
T_RPAREN 41:65 <none>
T_LBRACKET 41:67 <none>
T_NAT 41:69 1
T_COMMA 41:70 <none>
T_NAT 41:72 2
T_COMMA 41:73 <none>
T_NAT 41:75 3
T_RBRACKET 41:77 <none>
T_COMMA 41:78 <none>
T_NAME 42:7 status
T_EQUALS 42:14 <none>
T_NAME 42:16 st
T_COMMA 42:18 <none>
T_NAME 43:7 origin
T_EQUALS 43:14 <none>
T_NAME 43:16 origin
T_RBRACE 44:5 <none>
T_EOF 45:1 <none>
